判定済み・枠なり・除外なし(戸田除く) 7903 レース、出走表あり 2874 レース
履歴の事前割合 {"hist_prior": {"2": [0.899241, 0.100759, 0.0], "3": [0.22359, 0.375935, 0.400475], "4": [0.519952, 0.138844, 0.341204], "5": [0.230023, 0.155413, 0.614564], "6": [0.614189, 0.061376, 0.324435]}, "hist_prior_any": [0.495479, 0.16792, 0.336601], "hist_k": 5.0, "venues": ["06", "07", "08", "09", "13", "18", "21", "24"], "prior_n": {"2": 3161, "3": 3170, "4": 3183, "5": 3176, "6": 2955}, "prior_period": "〜20260702"}
学習レース 2464(大村 407)、特徴 162 個、3 秒
欠損の多い特徴(上位10) [(0.07061688311688312, 'avgst_d1_6'), (0.06412337662337662, 'avgst_6'), (0.048701298701298704, 'isshu_rel_4'), (0.048701298701298704, 'isshu_rel_3'), (0.048295454545454544, 'isshu_rel_5'), (0.04788961038961039, 'isshu_rel_6'), (0.04788961038961039, 'isshu_rel_2'), (0.04788961038961039, 'isshu_rel_1'), (0.02922077922077922, 'mawari_rel_5'), (0.02922077922077922, 'mawari_rel_4')]
構築期間の大村 309 レース、5 ブロック: [('20260702', '20260714', 71), ('20260715', '20260724', 62), ('20260725', '20260806', 53), ('20260808', '20260815', 68), ('20260816', '20260823', 55)]
ブロック 1(20260702〜20260714): 学習 1017 レース(大村 98)、検証 71 レース、基準の学習元 大村 150 レース、8 秒
ブロック 2(20260715〜20260724): 学習 1404 レース(大村 169)、検証 62 レース、基準の学習元 大村 221 レース、12 秒
ブロック 3(20260725〜20260806): 学習 1647 レース(大村 231)、検証 53 レース、基準の学習元 大村 283 レース、12 秒
ブロック 4(20260808〜20260815): 学習 1884 レース(大村 284)、検証 68 レース、基準の学習元 大村 336 レース、12 秒
ブロック 5(20260816〜20260823): 学習 2130 レース(大村 352)、検証 55 レース、基準の学習元 大村 404 レース、13 秒
交差検証 基準: ソフト Brier 0.27829 ハード 0.77930 動き合計 1.07373
A α=10: λ0.0 0.27829(+0.00%) λ0.1 0.27789(+0.14%) λ0.2 0.27754(+0.27%) λ0.3 0.27722(+0.38%) λ0.4 0.27696(+0.48%) λ0.5 0.27674(+0.56%) λ0.6 0.27656(+0.62%) λ0.7 0.27642(+0.67%) λ0.8 0.27633(+0.70%) λ0.9 0.27628(+0.72%) λ1.0 0.27628(+0.72%)
A α=3: λ0.0 0.27829(+0.00%) λ0.1 0.27780(+0.18%) λ0.2 0.27735(+0.34%) λ0.3 0.27694(+0.48%) λ0.4 0.27657(+0.62%) λ0.5 0.27624(+0.74%) λ0.6 0.27595(+0.84%) λ0.7 0.27570(+0.93%) λ0.8 0.27549(+1.01%) λ0.9 0.27532(+1.07%) λ1.0 0.27518(+1.12%)
A α=1: λ0.0 0.27829(+0.00%) λ0.1 0.27764(+0.23%) λ0.2 0.27705(+0.44%) λ0.3 0.27652(+0.64%) λ0.4 0.27604(+0.81%) λ0.5 0.27562(+0.96%) λ0.6 0.27525(+1.09%) λ0.7 0.27494(+1.20%) λ0.8 0.27468(+1.30%) λ0.9 0.27448(+1.37%) λ1.0 0.27434(+1.42%)
A α=0.3: λ0.0 0.27829(+0.00%) λ0.1 0.27743(+0.31%) λ0.2 0.27671(+0.57%) λ0.3 0.27612(+0.78%) λ0.4 0.27566(+0.94%) λ0.5 0.27534(+1.06%) λ0.6 0.27514(+1.13%) λ0.7 0.27509(+1.15%) λ0.8 0.27516(+1.12%) λ0.9 0.27537(+1.05%) λ1.0 0.27571(+0.93%)
A α=0.1: λ0.0 0.27829(+0.00%) λ0.1 0.27727(+0.37%) λ0.2 0.27652(+0.63%) λ0.3 0.27605(+0.80%) λ0.4 0.27585(+0.87%) λ0.5 0.27593(+0.85%) λ0.6 0.27628(+0.72%) λ0.7 0.27690(+0.50%) λ0.8 0.27780(+0.17%) λ0.9 0.27897(-0.25%) λ1.0 0.28042(-0.77%)
A α=0.03: λ0.0 0.27829(+0.00%) λ0.1 0.27717(+0.40%) λ0.2 0.27651(+0.64%) λ0.3 0.27633(+0.70%) λ0.4 0.27661(+0.60%) λ0.5 0.27737(+0.33%) λ0.6 0.27859(-0.11%) λ0.7 0.28029(-0.72%) λ0.8 0.28245(-1.50%) λ0.9 0.28508(-2.44%) λ1.0 0.28818(-3.56%)
A α=0.01: λ0.0 0.27829(+0.00%) λ0.1 0.27714(+0.41%) λ0.2 0.27662(+0.60%) λ0.3 0.27673(+0.56%) λ0.4 0.27748(+0.29%) λ0.5 0.27886(-0.21%) λ0.6 0.28087(-0.93%) λ0.7 0.28352(-1.88%) λ0.8 0.28681(-3.06%) λ0.9 0.29072(-4.47%) λ1.0 0.29527(-6.10%)
A α=0.003: λ0.0 0.27829(+0.00%) λ0.1 0.27715(+0.41%) λ0.2 0.27679(+0.54%) λ0.3 0.27719(+0.40%) λ0.4 0.27835(-0.02%) λ0.5 0.28028(-0.72%) λ0.6 0.28298(-1.69%) λ0.7 0.28645(-2.93%) λ0.8 0.29068(-4.45%) λ0.9 0.29569(-6.25%) λ1.0 0.30145(-8.32%)
B α=10: λ0.0 0.27829(+0.00%) λ0.1 0.27779(+0.18%) λ0.2 0.27735(+0.34%) λ0.3 0.27699(+0.47%) λ0.4 0.27669(+0.58%) λ0.5 0.27645(+0.66%) λ0.6 0.27629(+0.72%) λ0.7 0.27619(+0.75%) λ0.8 0.27616(+0.77%) λ0.9 0.27619(+0.75%) λ1.0 0.27630(+0.72%)
B α=3: λ0.0 0.27829(+0.00%) λ0.1 0.27766(+0.23%) λ0.2 0.27710(+0.43%) λ0.3 0.27661(+0.60%) λ0.4 0.27620(+0.75%) λ0.5 0.27585(+0.88%) λ0.6 0.27557(+0.98%) λ0.7 0.27537(+1.05%) λ0.8 0.27523(+1.10%) λ0.9 0.27517(+1.12%) λ1.0 0.27518(+1.12%)
B α=1: λ0.0 0.27829(+0.00%) λ0.1 0.27748(+0.29%) λ0.2 0.27678(+0.54%) λ0.3 0.27618(+0.76%) λ0.4 0.27569(+0.94%) λ0.5 0.27530(+1.07%) λ0.6 0.27502(+1.18%) λ0.7 0.27484(+1.24%) λ0.8 0.27477(+1.27%) λ0.9 0.27480(+1.25%) λ1.0 0.27494(+1.20%)
B α=0.3: λ0.0 0.27829(+0.00%) λ0.1 0.27731(+0.35%) λ0.2 0.27653(+0.63%) λ0.3 0.27596(+0.84%) λ0.4 0.27560(+0.97%) λ0.5 0.27545(+1.02%) λ0.6 0.27550(+1.00%) λ0.7 0.27576(+0.91%) λ0.8 0.27623(+0.74%) λ0.9 0.27690(+0.50%) λ1.0 0.27778(+0.18%)
B α=0.1: λ0.0 0.27829(+0.00%) λ0.1 0.27723(+0.38%) λ0.2 0.27652(+0.63%) λ0.3 0.27617(+0.76%) λ0.4 0.27617(+0.76%) λ0.5 0.27652(+0.63%) λ0.6 0.27723(+0.38%) λ0.7 0.27828(+0.00%) λ0.8 0.27970(-0.51%) λ0.9 0.28146(-1.14%) λ1.0 0.28357(-1.90%)
B α=0.03: λ0.0 0.27829(+0.00%) λ0.1 0.27720(+0.39%) λ0.2 0.27663(+0.60%) λ0.3 0.27658(+0.61%) λ0.4 0.27705(+0.45%) λ0.5 0.27804(+0.09%) λ0.6 0.27956(-0.46%) λ0.7 0.28159(-1.19%) λ0.8 0.28415(-2.11%) λ0.9 0.28722(-3.21%) λ1.0 0.29082(-4.50%)
B α=0.01: λ0.0 0.27829(+0.00%) λ0.1 0.27719(+0.39%) λ0.2 0.27674(+0.56%) λ0.3 0.27692(+0.49%) λ0.4 0.27775(+0.19%) λ0.5 0.27922(-0.33%) λ0.6 0.28133(-1.09%) λ0.7 0.28407(-2.08%) λ0.8 0.28746(-3.30%) λ0.9 0.29149(-4.75%) λ1.0 0.29617(-6.42%)
B α=0.003: λ0.0 0.27829(+0.00%) λ0.1 0.27724(+0.38%) λ0.2 0.27691(+0.49%) λ0.3 0.27732(+0.35%) λ0.4 0.27844(-0.06%) λ0.5 0.28030(-0.72%) λ0.6 0.28287(-1.65%) λ0.7 0.28618(-2.83%) λ0.8 0.29021(-4.28%) λ0.9 0.29496(-5.99%) λ1.0 0.30044(-7.96%)
選んだ設定 {"candidate": "A", "origin_alpha": 1.0, "origin_lambda": 1.0, "cv_brier_soft": 0.274338531020673, "move_alpha": 1.0, "move_lambda": 0.6, "cv_move_brier_sum": 1.066960884495749}
ブロックごと [{"from": "20260702", "to": "20260714", "n": 71, "brier_base": 0.2542978362006622, "brier_model": 0.24995209490464482, "bss": 0.01708917921184449}, {"from": "20260715", "to": "20260724", "n": 62, "brier_base": 0.2968572113343442, "brier_model": 0.29013485216385365, "bss": 0.022645093040772613}, {"from": "20260725", "to": "20260806", "n": 53, "brier_base": 0.25843193827186983, "brier_model": 0.25653174707898496, "bss": 0.00735277228345466}, {"from": "20260808", "to": "20260815", "n": 68, "brier_base": 0.2611097578344393, "brier_model": 0.2597135921525737, "bss": 0.00534704521747835}, {"from": "20260816", "to": "20260823", "n": 55, "brier_base": 0.32870014641225054, "brier_model": 0.323253448207964, "bss": 0.016570416118572084}]
選んだ設定の交差検証 BSS(ソフト) レース単位 0.0142(0.0024〜0.0250) 日単位 0.0142(0.0039〜0.0245) 帯 {'lo': 0.31881, 'hi': 0.335899}
ST の式 {"alpha": {"1": 0.143538, "2": 0.153697, "3": 0.151413, "4": 0.157816, "5": 0.159282, "6": 0.169873}, "beta": 0.601891, "center": 0.161437, "sd": {"1": 0.06234, "2": 0.061967, "3": 0.06171, "4": 0.065301, "5": 0.065468, "6": 0.071994}, "sd0": {"1": 0.063819, "2": 0.063218, "3": 0.063679, "4": 0.067822, "5": 0.06751, "6": 0.074609}, "min_n": 5, "n_rows": 8196, "n_with_p20": 8138, "period": "20251215〜20260831(大村・枠なり・除外なし)", "rmse_with_p20": 0.064866, "rmse_course_only": 0.066847}
書きました: ['models/s4_v1_params.json', 'versions/s4-v1.json', 'reports/s4/cv_result.json'] 例 24_20260823_12 {'2まくり': 0.0768, '3まくり': 0.3288, '4まくり': 0.0796, '5まくり': 0.086, '6まくり': 0.0219, '3まくり差し': 0.2998, 'その他': 0.107}
